// Jest Snapshot v1, https://goo.gl/fbAQLP

exports[`should take a snapshot 1`] = `
<DocumentFragment>
  <div
    class="MuiContainer-root MuiContainer-maxWidthLg"
  >
    <div
      class="MuiGrid-root MuiGrid-container MuiGrid-direction-xs-column"
    >
      <div
        class="MuiGrid-root UserInfo-root-5 MuiGrid-item"
      >
        <div
          class="MuiGrid-root MuiGrid-container MuiGrid-direction-xs-row-reverse"
        >
          <div
            class="MuiGrid-root MuiGrid-item"
          >
            <div
              class="MuiGrid-root MuiGrid-container MuiGrid-spacing-xs-1 MuiGrid-align-items-xs-center"
            >
              <div
                class="MuiGrid-root MuiGrid-item"
              >
                <div
                  class="MuiGrid-root MuiGrid-container MuiGrid-direction-xs-column"
                >
                  <p
                    class="MuiTypography-root UserInfo-text-3 MuiTypography-body1 MuiTypography-alignRight"
                    data-testid="username"
                  >
                    cody simmons
                  </p>
                  <p
                    class="MuiTypography-root UserInfo-subtext-4 MuiTypography-body1 MuiTypography-alignRight"
                    data-testid="designation"
                  >
                    lecturer
                  </p>
                </div>
              </div>
              <div
                class="MuiGrid-root MuiGrid-item"
              >
                <svg
                  aria-hidden="true"
                  class="MuiSvgIcon-root MuiSvgIcon-fontSizeLarge"
                  focusable="false"
                  viewBox="0 0 24 24"
                >
                  <path
                    d="M12 2C6.48 2 2 6.48 2 12s4.48 10 10 10 10-4.48 10-10S17.52 2 12 2zm0 3c1.66 0 3 1.34 3 3s-1.34 3-3 3-3-1.34-3-3 1.34-3 3-3zm0 14.2c-2.5 0-4.71-1.28-6-3.22.03-1.99 4-3.08 6-3.08 1.99 0 5.97 1.09 6 3.08-1.29 1.94-3.5 3.22-6 3.22z"
                  />
                </svg>
              </div>
              <div
                class="MuiGrid-root MuiGrid-item"
              >
                <svg
                  aria-hidden="true"
                  class="MuiSvgIcon-root UserInfo-icon-6 MuiSvgIcon-fontSizeLarge"
                  focusable="false"
                  viewBox="0 0 24 24"
                >
                  <path
                    d="M16.59 8.59L12 13.17 7.41 8.59 6 10l6 6 6-6z"
                  />
                </svg>
              </div>
            </div>
          </div>
        </div>
      </div>
      <p
        class="MuiTypography-root HomePage-text-1 MuiTypography-body1"
        data-testid="heading"
      >
        Dashboard
      </p>
      <p
        class="MuiTypography-root HomePage-subtext-2 MuiTypography-body1"
        data-testid="subheading"
      >
        Mobile UX/UI Design course
      </p>
      <div
        class="MuiGrid-root MuiGrid-item"
      >
        <div
          data-testid="loading"
        >
          Loading...
        </div>
      </div>
      <div
        class="MuiGrid-root MuiGrid-item MuiGrid-grid-xs-3"
      >
        <div
          class="MuiPaper-root MuiPaper-elevation1 MuiPaper-rounded"
        >
          <div
            class="MuiGrid-root MuiGrid-container MuiGrid-direction-xs-column"
          >
            <div
              class="MuiGrid-root MuiGrid-item"
            >
              <div
                class="MuiGrid-root IndividualDisplay-container-8 MuiGrid-container MuiGrid-align-items-xs-center MuiGrid-justify-xs-space-between"
              >
                <p
                  class="MuiTypography-root IndividualDisplay-text-9 MuiTypography-body1"
                >
                  Students by average mark
                </p>
                <div
                  class="MuiFormControl-root IndividualDisplay-input-10"
                >
                  <div
                    class="MuiInputBase-root MuiInput-root IndividualDisplay-input-10 MuiInputBase-formControl MuiInput-formControl"
                  >
                    <div
                      aria-haspopup="listbox"
                      class="MuiSelect-root MuiSelect-select MuiSelect-selectMenu MuiInputBase-input MuiInput-input"
                      role="button"
                      tabindex="0"
                    >
                      Descending
                    </div>
                    <input
                      aria-hidden="true"
                      class="MuiSelect-nativeInput"
                      tabindex="-1"
                      value="desc"
                    />
                    <svg
                      aria-hidden="true"
                      class="MuiSvgIcon-root MuiSelect-icon"
                      focusable="false"
                      viewBox="0 0 24 24"
                    >
                      <path
                        d="M16.59 8.59L12 13.17 7.41 8.59 6 10l6 6 6-6z"
                      />
                    </svg>
                  </div>
                </div>
              </div>
            </div>
            <hr
              class="MuiDivider-root"
            />
            <div
              class="MuiGrid-root IndividualDisplay-list-11 MuiGrid-item"
            >
              <div />
            </div>
          </div>
        </div>
      </div>
    </div>
  </div>
</DocumentFragment>
`;
